// Jest Snapshot v1, https://goo.gl/fbAQLP

exports[`should render component correctly with 0 bands 1`] = `
<div
  style={
    Object {
      "alignItems": "center",
      "display": "flex",
      "flexDirection": "row",
      "justifyContent": "center",
      "left": "0px",
      "marginBottom": "1rem",
      "position": "absolute",
      "top": "5rem",
      "transition": "left, 1s",
    }
  }
/>
`;
