// Jest Snapshot v1, https://goo.gl/fbAQLP

exports[`should render Header correctly when inGame is false 1`] = `
<div
  className="header-container"
>
  <div
    className="header-side"
  >
    <ForwardRef(MotionComponent)
      animate="show"
      className="i-link"
      initial={
        Object {
          "opacity": 0,
        }
      }
      transition={
        Object {
          "duration": 1.5,
        }
      }
      variants={
        Object {
          "hide": Object {
            "opacity": 0,
          },
          "show": Object {
            "opacity": 1,
          },
        }
      }
    >
      <Link
        to="/about/"
      >
        <ISvg />
      </Link>
    </ForwardRef(MotionComponent)>
  </div>
  <div
    className="header-center"
  />
  <div
    className="header-side"
  >
    <ForwardRef(MotionComponent)
      animate="show"
      className="crown-link"
      initial={
        Object {
          "opacity": 0,
        }
      }
      transition={
        Object {
          "duration": 1.5,
        }
      }
      variants={
        Object {
          "hide": Object {
            "opacity": 0,
          },
          "show": Object {
            "opacity": 1,
          },
        }
      }
    >
      <Link
        to="/highscores/"
      >
        <SvgCrown
          className="crown-right"
        />
      </Link>
    </ForwardRef(MotionComponent)>
  </div>
</div>
`;

exports[`should render Header correctly when inGame is true 1`] = `
<div
  className="header-container"
>
  <div
    className="header-side"
  />
  <div
    className="header-center"
  >
    <div
      className="header-logo"
    >
      <BFLogoSvg />
    </div>
  </div>
  <div
    className="header-side"
  />
</div>
`;
