// Jest Snapshot v1, https://goo.gl/fbAQLP

exports[`should render HighscoreList correctly 1`] = `
<Fragment>
  <div
    className="title-container"
  >
    <SvgCrown
      className="crown-left"
    />
    <div
      className="highscore-title"
    >
      HIGHSCORES
    </div>
    <SvgCrown
      className="crown-right"
    />
  </div>
  <table>
    <tbody
      className="highscore-body"
    >
      <tr
        className="hs-row"
        key="one"
        onClick={[Function]}
      >
        <td
          className="hs-player"
        >
          falle
        </td>
        <td
          className="hs-score"
        >
          97
        </td>
      </tr>
      <tr
        className="hs-row"
        key="two"
        onClick={[Function]}
      >
        <td
          className="hs-player"
        >
          babs
        </td>
        <td
          className="hs-score"
        >
          118
        </td>
      </tr>
      <tr
        className="hs-row"
        key="three"
        onClick={[Function]}
      >
        <td
          className="hs-player"
        >
          mob pete
        </td>
        <td
          className="hs-score"
        >
          123
        </td>
      </tr>
      <tr
        className="hs-row"
        key="four"
        onClick={[Function]}
      >
        <td
          className="hs-player"
        >
          krille k
        </td>
        <td
          className="hs-score"
        >
          147
        </td>
      </tr>
    </tbody>
  </table>
  <Link
    className="back-button"
    to="/"
  >
    BACK
  </Link>
  <ShowBandlistModal
    bands={Array []}
    closeModal={[Function]}
    playerInfo={
      Object {
        "date": null,
        "index": 0,
        "player": "",
        "score": 0,
      }
    }
    showModal={false}
  />
</Fragment>
`;
