// Jest Snapshot v1, https://goo.gl/fbAQLP

exports[`should render component correctly 1`] = `
<div
  className="submit-view"
>
  <CrownSvg
    className="submit-highscore-crown"
  />
  <div
    className="highscore-message"
  >
    123
     points! That's a highscore.
  </div>
  <form
    className="submit-form"
    onSubmit={[Function]}
  >
    <input
      autoCorrect="false"
      autoFocus={true}
      className="submit-input"
      maxLength="10"
      onChange={[Function]}
      placeholder="NAME"
      spellCheck={false}
      type="text"
    />
  </form>
</div>
`;

exports[`should set highscore and render confirmation 1`] = `
<div
  className="submit-view"
>
  <div
    className="highscore-message"
  >
    Highscore set!
  </div>
  <div
    className="highscore-link-container"
  >
    <div
      className="link-button"
      onClick={[Function]}
    >
      ✓
    </div>
    <CrownSvg
      className="goto-highscore-crown"
      onClick={[Function]}
    />
  </div>
</div>
`;
